# Clear-run log — costcheck2
# exported 2026-08-16T12:19:03.292+00:00

2026-08-16T12:16:25.984+00:00  run.start  HD
2026-08-16T12:16:25.985+00:00  company.start [company:HD:company]  HD
2026-08-16T12:16:26.021+00:00  analyst.start [analyst:HD:filings]  Filings Analyst (HD)
2026-08-16T12:16:26.800+00:00  analyst.start [analyst:HD:financials]  Financials Analyst (HD)
2026-08-16T12:16:41.184+00:00  analyst.done [analyst:HD:financials]  Financials Analyst (HD) (14389ms)
2026-08-16T12:16:41.186+00:00  step.done  HD:financials (15202ms)
2026-08-16T12:17:06.570+00:00  news.excluded_source [analyst:HD:news]  https://ir.homedepot.com/news-releases/2026
2026-08-16T12:17:06.571+00:00  news.excluded_source [analyst:HD:news]  https://corporate.lowes.com/newsroom/press-releases/lowes-companies-inc-host-second-quarter-2026-earnings-conference-call-aug-19-08-12-26
2026-08-16T12:17:06.571+00:00  news.excluded_source [analyst:HD:news]  https://www.jchs.harvard.edu/blog/remodeling-expected-continue-slow-steady-growth-next-year
2026-08-16T12:17:06.571+00:00  news.excluded_source [analyst:HD:news]  https://www.tikr.com/blog/home-depot-reports-q2-2026-earnings-on-august-18-can-it-finally-break-out
2026-08-16T12:17:06.571+00:00  news.excluded_source [analyst:HD:news]  https://www.marketbeat.com/earnings/reports/2026-8-18-the-home-depot-inc-stock/
2026-08-16T12:17:06.571+00:00  news.excluded_source [analyst:HD:news]  https://finance.yahoo.com/markets/stocks/articles/ahead-home-depot-hd-q2-131502062.html
2026-08-16T12:17:06.571+00:00  news.excluded_source [analyst:HD:news]  Market Chameleon
2026-08-16T12:17:06.571+00:00  news.excluded_source [analyst:HD:news]  StockTitan / Rhea-AI
2026-08-16T12:17:06.571+00:00  news.excluded_source [analyst:HD:news]  Facebook, Instagram and YouTube search results
2026-08-16T12:17:06.571+00:00  news.excluded_source [analyst:HD:news]  Market Data Forecast
2026-08-16T12:17:06.571+00:00  news.excluded_source [analyst:HD:news]  TIKR article on Lowe's share-price decline
2026-08-16T12:17:06.571+00:00  news.excluded_source [analyst:HD:news]  Simply Wall St
2026-08-16T12:17:06.572+00:00  step.done  HD:news (40593ms)
2026-08-16T12:18:29.580+00:00  analyst.done [analyst:HD:filings]  Filings Analyst (HD) (123546ms)
2026-08-16T12:18:29.582+00:00  step.done  HD:filings (123593ms)
2026-08-16T12:18:29.582+00:00  central.input [central:HD:central]  HD
2026-08-16T12:19:03.272+00:00  central.done [central:HD:central]  HD
2026-08-16T12:19:03.273+00:00  step.done [central:HD:central]  HD:central (33703ms)
2026-08-16T12:19:03.274+00:00  company.done [company:HD:company]  HD (157296ms)
